COMMAND: env TTNN_ALLOW_SYSTEM_MESH_FALLBACK=1 TT_VISIBLE_DEVICES=0,1,2,3 TT_MESH_GRAPH_DESC_PATH=/proj_sw/user_dev/moconnor/tt-metal/tt_metal/fabric/mesh_graph_descriptors/t3k_mesh_graph_descriptor.textproto TT_METAL_CACHE=/tmp/tt-metal-cache PYTHONUNBUFFERED=1 python /localdev/moconnor/ttnn_models/demo.py /localdev/moconnor/ttnn_models/models/humain-ai/ALLaM-7B-Instruct-preview/t3000/optimized/model.py --max_seq_len 4096 --max-new-tokens 8 --seed 0
2026-02-12 03:19:36.095 | DEBUG    | ttnn:<module>:77 - Initial ttnn.CONFIG:
Config{cache_path=/home/moconnor/.cache/ttnn,model_cache_path=/home/moconnor/.cache/ttnn/models,tmp_dir=/tmp/ttnn,enable_model_cache=false,enable_fast_runtime_mode=true,throw_exception_on_fallback=false,enable_logging=false,enable_graph_report=false,enable_detailed_buffer_report=false,enable_detailed_tensor_report=false,enable_comparison_mode=false,comparison_mode_should_raise_exception=false,comparison_mode_pcc=0.9999,root_report_path=generated/ttnn/reports,report_name=std::nullopt,std::nullopt}
Loading tokenizer: humain-ai/ALLaM-7B-Instruct-preview
Opening TT device...
2026-02-12 03:19:37.456 | info     |             UMD | Established firmware bundle version: 18.12.1 (topology_discovery.cpp:368)
2026-02-12 03:19:37.487 | info     |          Device | Opening user mode device driver (tt_cluster.cpp:223)
2026-02-12 03:19:37.496 | info     |             UMD | Established firmware bundle version: 18.12.1 (topology_discovery.cpp:368)
2026-02-12 03:19:37.570 | info     |             UMD | Established firmware bundle version: 18.12.1 (topology_discovery.cpp:368)
2026-02-12 03:19:37.631 | info     |             UMD | Harvesting masks for chip 3 tensix: 0x201 dram: 0x0 eth: 0x0 pcie: 0x0 l2cpu: 0x0 (cluster.cpp:339)
2026-02-12 03:19:37.685 | info     |             UMD | Harvesting masks for chip 2 tensix: 0x208 dram: 0x0 eth: 0x0 pcie: 0x0 l2cpu: 0x0 (cluster.cpp:339)
2026-02-12 03:19:37.695 | info     |             UMD | Harvesting masks for chip 1 tensix: 0x210 dram: 0x0 eth: 0x0 pcie: 0x0 l2cpu: 0x0 (cluster.cpp:339)
2026-02-12 03:19:37.705 | info     |             UMD | Harvesting masks for chip 0 tensix: 0x41 dram: 0x0 eth: 0x0 pcie: 0x0 l2cpu: 0x0 (cluster.cpp:339)
2026-02-12 03:19:37.715 | info     |             UMD | Harvesting masks for chip 7 tensix: 0x280 dram: 0x0 eth: 0x0 pcie: 0x0 l2cpu: 0x0 (cluster.cpp:339)
2026-02-12 03:19:37.728 | info     |             UMD | Harvesting masks for chip 6 tensix: 0x208 dram: 0x0 eth: 0x0 pcie: 0x0 l2cpu: 0x0 (cluster.cpp:339)
2026-02-12 03:19:37.742 | info     |             UMD | Harvesting masks for chip 5 tensix: 0x300 dram: 0x0 eth: 0x0 pcie: 0x0 l2cpu: 0x0 (cluster.cpp:339)
2026-02-12 03:19:37.755 | info     |             UMD | Harvesting masks for chip 4 tensix: 0x42 dram: 0x0 eth: 0x0 pcie: 0x0 l2cpu: 0x0 (cluster.cpp:339)
2026-02-12 03:19:37.768 | info     |             UMD | Opening local chip ids/PCIe ids: {0, 1, 2, 3}/[0, 1, 2, 3] and remote chip ids {4, 5, 6, 7} (cluster.cpp:186)
2026-02-12 03:19:37.768 | info     |             UMD | IOMMU: disabled (cluster.cpp:161)
2026-02-12 03:19:37.768 | info     |             UMD | KMD version: 2.4.1 (cluster.cpp:164)
2026-02-12 03:19:37.776 | info     |             UMD | Starting devices in cluster (cluster.cpp:965)
2026-02-12 03:19:37.777 | info     |             UMD | Mapped hugepage 0x340000000 to NOC address 0x800000000 (silicon_sysmem_manager.cpp:207)
2026-02-12 03:19:37.778 | info     |             UMD | Mapped hugepage 0x300000000 to NOC address 0x840000000 (silicon_sysmem_manager.cpp:207)
2026-02-12 03:19:37.779 | info     |             UMD | Mapped hugepage 0x440000000 to NOC address 0x800000000 (silicon_sysmem_manager.cpp:207)
2026-02-12 03:19:37.780 | info     |             UMD | Mapped hugepage 0x400000000 to NOC address 0x840000000 (silicon_sysmem_manager.cpp:207)
2026-02-12 03:19:37.781 | info     |             UMD | Mapped hugepage 0x4240000000 to NOC address 0x800000000 (silicon_sysmem_manager.cpp:207)
2026-02-12 03:19:37.781 | info     |             UMD | Mapped hugepage 0x4200000000 to NOC address 0x840000000 (silicon_sysmem_manager.cpp:207)
2026-02-12 03:19:37.783 | info     |             UMD | Mapped hugepage 0x4340000000 to NOC address 0x800000000 (silicon_sysmem_manager.cpp:207)
2026-02-12 03:19:37.783 | info     |             UMD | Mapped hugepage 0x4300000000 to NOC address 0x840000000 (silicon_sysmem_manager.cpp:207)
2026-02-12 03:19:37.836 | info     |     Distributed | Using custom mesh graph descriptor: /proj_sw/user_dev/moconnor/tt-metal/tt_metal/fabric/mesh_graph_descriptors/t3k_mesh_graph_descriptor.textproto (metal_context.cpp:822)
2026-02-12 03:19:37.837 | info     |          Fabric | TopologyMapper mapping start (mesh=0): n_log=8, n_phys=8, log_deg_hist={2:4, 3:4}, phys_deg_hist={2:4, 3:4} (topology_mapper_utils.cpp:171)
2026-02-12 03:19:37.842 | DEBUG    | ttnn.device:__init__:150 - Using default dispatch core type for this system: DispatchCoreType.ETH
2026-02-12 03:19:37.842 | DEBUG    | ttnn.device:__init__:152 - Using default dispatch core axis for this system: DispatchCoreAxis.ROW
2026-02-12 03:19:37.846 | info     |    BuildKernels | Skipping deleting built cache (build.cpp:110)
2026-02-12 03:19:37.849 | info     |    BuildKernels | Skipping deleting built cache (build.cpp:110)
2026-02-12 03:19:37.849 | info     |    BuildKernels | Skipping deleting built cache (build.cpp:110)
2026-02-12 03:19:37.849 | info     |    BuildKernels | Skipping deleting built cache (build.cpp:110)
2026-02-12 03:19:37.849 | info     |    BuildKernels | Skipping deleting built cache (build.cpp:110)
2026-02-12 03:19:37.850 | info     |    BuildKernels | Skipping deleting built cache (build.cpp:110)
2026-02-12 03:19:37.850 | info     |    BuildKernels | Skipping deleting built cache (build.cpp:110)
2026-02-12 03:19:37.850 | info     |    BuildKernels | Skipping deleting built cache (build.cpp:110)
2026-02-12 03:19:38.163 | warning  |           Metal | Got num_routing_planes: 1, which is less than current value: 255, ignoring the override (metal_context.cpp:719)
2026-02-12 03:19:38.163 | info     |           Metal | Dispatch on FabricConfig::FABRIC_2D with 1 Command Queues
 (device_manager.cpp:328)
2026-02-12 03:19:38.178 | info     |           Metal | Initializing Fabric (device_manager.cpp:404)
2026-02-12 03:19:38.351 | info     |           Metal | Fabric initialized on Device 0 (device.cpp:386)
2026-02-12 03:19:38.352 | info     |           Metal | Fabric initialized on Device 1 (device.cpp:386)
2026-02-12 03:19:38.352 | info     |           Metal | Fabric initialized on Device 2 (device.cpp:386)
2026-02-12 03:19:38.353 | info     |           Metal | Fabric initialized on Device 3 (device.cpp:386)
2026-02-12 03:19:38.356 | info     |           Metal | Fabric initialized on Device 4 (device.cpp:386)
2026-02-12 03:19:38.359 | info     |           Metal | Fabric initialized on Device 5 (device.cpp:386)
2026-02-12 03:19:38.365 | info     |           Metal | Fabric initialized on Device 6 (device.cpp:386)
2026-02-12 03:19:38.371 | info     |           Metal | Fabric initialized on Device 7 (device.cpp:386)
2026-02-12 03:19:38.371 | info     |           Metal | Fabric Initialized with config FabricConfig::FABRIC_2D (device_manager.cpp:409)
2026-02-12 03:19:38.447 | info     |           Metal | Command Queue initialized on Device 4 (device_manager.cpp:500)
2026-02-12 03:19:38.447 | info     |           Metal | Command Queue initialized on Device 5 (device_manager.cpp:500)
2026-02-12 03:19:38.449 | info     |           Metal | Command Queue initialized on Device 7 (device_manager.cpp:500)
2026-02-12 03:19:38.449 | info     |           Metal | Command Queue initialized on Device 6 (device_manager.cpp:500)
Loading HuggingFace reference model on CPU: humain-ai/ALLaM-7B-Instruct-preview
Loading checkpoint shards:   0%|          | 0/3 [00:00<?, ?it/s]Loading checkpoint shards:  33%|███▎      | 1/3 [00:00<00:01,  1.40it/s]Loading checkpoint shards:  67%|██████▋   | 2/3 [00:01<00:00,  1.44it/s]Loading checkpoint shards: 100%|██████████| 3/3 [00:01<00:00,  1.65it/s]Loading checkpoint shards: 100%|██████████| 3/3 [00:01<00:00,  1.58it/s]
Building TT model...
  Loading embeddings...
  Computing RoPE cache...
  Loading 32 layers...
Running one warmup prefill+decode pass (kernel compile warmup)...
TT demo (t3000)
Model: humain-ai/ALLaM-7B-Instruct-preview
Mesh shape: 2x4
Prompt tokens: 57 | Generated tokens: 8
TTFT: 61 ms | Decode: 24.3 t/s/u (6 tokens)

Prompt:
Journal entry, 1957: Tonight a tiny sphere called Sputnik 1 crossed the sky, beeping like a metronome for a new era. The neighbors gathered on the roof, listening and arguing about what comes next. I wrote in my notebook that

Output:
I’m scared, and the words
2026-02-12 03:22:17.490 | info     |          Device | Closing user mode device drivers (tt_cluster.cpp:472)
2026-02-12 03:22:17.490 | info     |             UMD | Closing devices in cluster (cluster.cpp:976)
