COMMAND: TTNN_ALLOW_SYSTEM_MESH_FALLBACK=1 TT_METAL_CACHE=/tmp/tt-metal-cache PYTHONUNBUFFERED=1 python -u demo.py models/humain-ai/ALLaM-7B-Instruct-preview/n300/optimized/model.py --max_seq_len 4096 --seed 0
/proj_sw/user_dev/moconnor/tt-metal/python_env/lib/python3.10/site-packages/transformers/utils/hub.py:111: FutureWarning: Using `TRANSFORMERS_CACHE` is deprecated and will be removed in v5 of Transformers. Use `HF_HOME` instead.
  warnings.warn(
2026-02-11 23:12:37.742 | DEBUG    | ttnn:<module>:77 - Initial ttnn.CONFIG:
Config{cache_path=/home/moconnor/.cache/ttnn,model_cache_path=/home/moconnor/.cache/ttnn/models,tmp_dir=/tmp/ttnn,enable_model_cache=false,enable_fast_runtime_mode=true,throw_exception_on_fallback=false,enable_logging=false,enable_graph_report=false,enable_detailed_buffer_report=false,enable_detailed_tensor_report=false,enable_comparison_mode=false,comparison_mode_should_raise_exception=false,comparison_mode_pcc=0.9999,root_report_path=generated/ttnn/reports,report_name=std::nullopt,std::nullopt}
Loading tokenizer: humain-ai/ALLaM-7B-Instruct-preview
Opening TT device...
2026-02-11 23:12:39.611 | info     |             UMD | Established firmware bundle version: 18.12.1 (topology_discovery.cpp:368)
2026-02-11 23:12:39.612 | info     |          Device | Opening user mode device driver (tt_cluster.cpp:223)
2026-02-11 23:12:39.617 | info     |             UMD | Established firmware bundle version: 18.12.1 (topology_discovery.cpp:368)
2026-02-11 23:12:39.649 | info     |             UMD | Established firmware bundle version: 18.12.1 (topology_discovery.cpp:368)
2026-02-11 23:12:39.650 | info     |             UMD | Harvesting masks for chip 1 tensix: 0x8 dram: 0x0 eth: 0x0 pcie: 0x0 l2cpu: 0x0 (cluster.cpp:339)
2026-02-11 23:12:39.728 | info     |             UMD | Harvesting masks for chip 0 tensix: 0x8 dram: 0x0 eth: 0x0 pcie: 0x0 l2cpu: 0x0 (cluster.cpp:339)
2026-02-11 23:12:39.744 | info     |             UMD | Opening local chip ids/PCIe ids: {0, 1}/[4, 3] and remote chip ids {} (cluster.cpp:186)
2026-02-11 23:12:39.744 | info     |             UMD | IOMMU: disabled (cluster.cpp:161)
2026-02-11 23:12:39.744 | info     |             UMD | KMD version: 2.4.1 (cluster.cpp:164)
2026-02-11 23:12:39.747 | info     |             UMD | Starting devices in cluster (cluster.cpp:965)
2026-02-11 23:12:39.750 | info     |             UMD | Mapped hugepage 0x4400000000 to NOC address 0x800000000 (silicon_sysmem_manager.cpp:207)
2026-02-11 23:12:39.755 | info     |             UMD | Mapped hugepage 0x480000000 to NOC address 0x800000000 (silicon_sysmem_manager.cpp:207)
2026-02-11 23:12:39.811 | info     |     Distributed | Using auto discovery to generate mesh graph. (metal_context.cpp:863)
2026-02-11 23:12:39.811 | info     |     Distributed | Constructing control plane using auto-discovery (no mesh graph descriptor). (metal_context.cpp:840)
2026-02-11 23:12:39.811 | info     |          Fabric | TopologyMapper mapping start (mesh=0): n_log=2, n_phys=2, log_deg_hist={1:2}, phys_deg_hist={0:2} (topology_mapper_utils.cpp:171)
2026-02-11 23:12:39.811 | info     |          Fabric | TopologyMapper mapping start (mesh=0): n_log=1, n_phys=2, log_deg_hist={0:1}, phys_deg_hist={0:2} (topology_mapper_utils.cpp:171)
2026-02-11 23:12:39.811 | warning  |          Fabric | TopologyMapper auto-discovery: Downgrading to mesh shape 1x1 (1 total nodes) for 2 physical chips. Some physical chips may not be used. This may indicate connectivity issues, topology mismatches, or insufficient fabric links between chips. Verify your physical chip connectivity and ensure that the fabric links are correctly configured. (topology_mapper.cpp:1564)
2026-02-11 23:12:39.811 | info     |          Fabric | TopologyMapper mapping start (mesh=0): n_log=1, n_phys=2, log_deg_hist={0:1}, phys_deg_hist={0:2} (topology_mapper_utils.cpp:171)
Requested mesh (1, 2) exceeds discovered system mesh (1, 1); falling back to discovered mesh because TTNN_ALLOW_SYSTEM_MESH_FALLBACK is enabled.
2026-02-11 23:12:39.817 | DEBUG    | ttnn.device:__init__:150 - Using default dispatch core type for this system: DispatchCoreType.WORKER
2026-02-11 23:12:39.818 | DEBUG    | ttnn.device:__init__:152 - Using default dispatch core axis for this system: DispatchCoreAxis.ROW
2026-02-11 23:12:39.825 | info     |    BuildKernels | Skipping deleting built cache (build.cpp:110)
2026-02-11 23:12:39.828 | info     |    BuildKernels | Skipping deleting built cache (build.cpp:110)
2026-02-11 23:12:39.875 | warning  |           Metal | Opening subset of mmio devices slows down UMD read/write to remote chips. If opening more devices, consider using CreateDevices API. (device_manager.cpp:301)
Loading HuggingFace reference model on CPU: humain-ai/ALLaM-7B-Instruct-preview
Loading checkpoint shards:   0%|          | 0/3 [00:00<?, ?it/s]Loading checkpoint shards:  33%|███▎      | 1/3 [00:00<00:01,  1.40it/s]Loading checkpoint shards:  67%|██████▋   | 2/3 [00:01<00:00,  1.35it/s]Loading checkpoint shards: 100%|██████████| 3/3 [00:02<00:00,  1.48it/s]Loading checkpoint shards: 100%|██████████| 3/3 [00:02<00:00,  1.45it/s]
Building TT model...
  Loading embeddings...
  Computing RoPE cache...
  Loading 32 layers...
Running one warmup prefill+decode pass (kernel compile warmup)...
2026-02-11 23:16:02.662 | warning  |    BuildKernels | Compute kernel 'pack_untilize_variable_num_blocks/18021495543364167813/' uses deprecated 'namespace NAMESPACE { void MAIN { } }' syntax. Please migrate to simplified 'void kernel_main() { }' syntax. (genfiles.cpp:187)
2026-02-11 23:16:02.762 | warning  |    BuildKernels | Compute kernel 'tilize/18251814608165832562/' uses deprecated 'namespace NAMESPACE { void MAIN { } }' syntax. Please migrate to simplified 'void kernel_main() { }' syntax. (genfiles.cpp:187)
2026-02-11 23:16:08.055 | warning  |    BuildKernels | Compute kernel 'layernorm/17132337866544620763/' uses deprecated 'namespace NAMESPACE { void MAIN { } }' syntax. Please migrate to simplified 'void kernel_main() { }' syntax. (genfiles.cpp:187)
2026-02-11 23:16:08.183 | warning  |    BuildKernels | Compute kernel 'bmm_large_block_zm_fused_bias_activation/9984058517180339019/' uses deprecated 'namespace NAMESPACE { void MAIN { } }' syntax. Please migrate to simplified 'void kernel_main() { }' syntax. (genfiles.cpp:187)
2026-02-11 23:16:24.226 | warning  |    BuildKernels | Compute kernel 'rotary_embedding/15977828201954068243/' uses deprecated 'namespace NAMESPACE { void MAIN { } }' syntax. Please migrate to simplified 'void kernel_main() { }' syntax. (genfiles.cpp:187)
2026-02-11 23:16:34.730 | warning  |    BuildKernels | Compute kernel 'sdpa/89646819859773288/' uses deprecated 'namespace NAMESPACE { void MAIN { } }' syntax. Please migrate to simplified 'void kernel_main() { }' syntax. (genfiles.cpp:187)
2026-02-11 23:16:46.159 | warning  |    BuildKernels | Compute kernel 'bmm_large_block_zm_fused_bias_activation/10871277992888585774/' uses deprecated 'namespace NAMESPACE { void MAIN { } }' syntax. Please migrate to simplified 'void kernel_main() { }' syntax. (genfiles.cpp:187)
2026-02-11 23:17:12.863 | warning  |    BuildKernels | Compute kernel 'bmm_large_block_zm_fused_bias_activation/14368278037435521175/' uses deprecated 'namespace NAMESPACE { void MAIN { } }' syntax. Please migrate to simplified 'void kernel_main() { }' syntax. (genfiles.cpp:187)
2026-02-11 23:17:18.343 | warning  |    BuildKernels | Compute kernel 'pack_untilize_wh/12783016731784767080/' uses deprecated 'namespace NAMESPACE { void MAIN { } }' syntax. Please migrate to simplified 'void kernel_main() { }' syntax. (genfiles.cpp:187)
2026-02-11 23:17:18.343 | warning  |    BuildKernels | Compute kernel 'pack_untilize_wh/7086840538318172595/' uses deprecated 'namespace NAMESPACE { void MAIN { } }' syntax. Please migrate to simplified 'void kernel_main() { }' syntax. (genfiles.cpp:187)
2026-02-11 23:17:18.344 | warning  |    BuildKernels | Compute kernel 'pack_untilize_wh/3852363199925462906/' uses deprecated 'namespace NAMESPACE { void MAIN { } }' syntax. Please migrate to simplified 'void kernel_main() { }' syntax. (genfiles.cpp:187)
2026-02-11 23:17:28.959 | warning  |    BuildKernels | Compute kernel 'tilize_wh/12714357955689313488/' uses deprecated 'namespace NAMESPACE { void MAIN { } }' syntax. Please migrate to simplified 'void kernel_main() { }' syntax. (genfiles.cpp:187)
2026-02-11 23:17:28.959 | warning  |    BuildKernels | Compute kernel 'tilize_wh/7242876147893395727/' uses deprecated 'namespace NAMESPACE { void MAIN { } }' syntax. Please migrate to simplified 'void kernel_main() { }' syntax. (genfiles.cpp:187)
2026-02-11 23:17:28.960 | warning  |    BuildKernels | Compute kernel 'tilize_wh/4709288304851342762/' uses deprecated 'namespace NAMESPACE { void MAIN { } }' syntax. Please migrate to simplified 'void kernel_main() { }' syntax. (genfiles.cpp:187)
2026-02-11 23:17:34.385 | warning  |    BuildKernels | Compute kernel 'bmm_large_block_zm_fused_bias_activation/4404026160441986435/' uses deprecated 'namespace NAMESPACE { void MAIN { } }' syntax. Please migrate to simplified 'void kernel_main() { }' syntax. (genfiles.cpp:187)
2026-02-11 23:17:50.702 | warning  |    BuildKernels | Compute kernel 'bmm_large_block_zm_fused_bias_activation/6155824524306476405/' uses deprecated 'namespace NAMESPACE { void MAIN { } }' syntax. Please migrate to simplified 'void kernel_main() { }' syntax. (genfiles.cpp:187)
2026-02-11 23:18:06.805 | warning  |    BuildKernels | Compute kernel 'update_cache/13768511706347252700/' uses deprecated 'namespace NAMESPACE { void MAIN { } }' syntax. Please migrate to simplified 'void kernel_main() { }' syntax. (genfiles.cpp:187)
2026-02-11 23:18:12.297 | warning  |    BuildKernels | Compute kernel 'sdpa_flash_decode/18089812707812935173/' uses deprecated 'namespace NAMESPACE { void MAIN { } }' syntax. Please migrate to simplified 'void kernel_main() { }' syntax. (genfiles.cpp:187)
2026-02-11 23:18:29.327 | warning  |    BuildKernels | Compute kernel 'bmm_large_block_zm_fused_bias_activation/7127569624077686788/' uses deprecated 'namespace NAMESPACE { void MAIN { } }' syntax. Please migrate to simplified 'void kernel_main() { }' syntax. (genfiles.cpp:187)
2026-02-11 23:18:51.097 | warning  |    BuildKernels | Compute kernel 'bmm_large_block_zm_fused_bias_activation/4391359061119251671/' uses deprecated 'namespace NAMESPACE { void MAIN { } }' syntax. Please migrate to simplified 'void kernel_main() { }' syntax. (genfiles.cpp:187)
TT demo (n300)
Model: humain-ai/ALLaM-7B-Instruct-preview
Mesh shape: 1x1
Prompt tokens: 57 | Generated tokens: 128
TTFT: 69 ms | Decode: 15.9 t/s/u (126 tokens)

Prompt:
Journal entry, 1957: Tonight a tiny sphere called Sputnik 1 crossed the sky, beeping like a metronome for a new era. The neighbors gathered on the roof, listening and arguing about what comes next. I wrote in my notebook that

Output:
I’m not afraid. We’ll adapt as we always do. But this new device is a reminder that humanity’s presence in the cosmos is not just a hope, that our reach extends beyond Earth.

Entry #52
The U.S.S. Discovery: November 20, 2120

The first Earth-orbit space station, the U.S.S. Discovery was launched in 2000 as part of the Space Station Freedom program. It was the first human space habitat entirely outside of Earth’s atmosphere. In the decades since its launch,
2026-02-11 23:19:11.173 | info     |          Device | Closing user mode device drivers (tt_cluster.cpp:472)
2026-02-11 23:19:11.173 | info     |             UMD | Closing devices in cluster (cluster.cpp:976)
