COMMAND: TT_MESH_GRAPH_DESC_PATH=/proj_sw/user_dev/moconnor/tt-metal/tt_metal/fabric/mesh_graph_descriptors/t3k_mesh_graph_descriptor.textproto TT_VISIBLE_DEVICES=0,1,2,3 TT_METAL_CACHE=/tmp/tt-metal-cache python demo.py models/microsoft/Phi-3-mini-128k-instruct/t3000/functional/model.py --prompt "Write a short, vivid paragraph about a sunrise over the ocean." --max-new-tokens 120 --max_seq_len 12288
2026-02-09 18:00:56.166 | DEBUG    | ttnn:<module>:77 - Initial ttnn.CONFIG:
Config{cache_path=/home/moconnor/.cache/ttnn,model_cache_path=/home/moconnor/.cache/ttnn/models,tmp_dir=/tmp/ttnn,enable_model_cache=false,enable_fast_runtime_mode=true,throw_exception_on_fallback=false,enable_logging=false,enable_graph_report=false,enable_detailed_buffer_report=false,enable_detailed_tensor_report=false,enable_comparison_mode=false,comparison_mode_should_raise_exception=false,comparison_mode_pcc=0.9999,root_report_path=generated/ttnn/reports,report_name=std::nullopt,std::nullopt}
2026-02-09 18:00:56.734 | info     |             UMD | Established firmware bundle version: 18.12.1 (topology_discovery.cpp:368)
2026-02-09 18:00:56.765 | info     |          Device | Opening user mode device driver (tt_cluster.cpp:223)
2026-02-09 18:00:56.774 | info     |             UMD | Established firmware bundle version: 18.12.1 (topology_discovery.cpp:368)
2026-02-09 18:00:56.850 | info     |             UMD | Established firmware bundle version: 18.12.1 (topology_discovery.cpp:368)
2026-02-09 18:00:56.913 | info     |             UMD | Harvesting masks for chip 3 tensix: 0x202 dram: 0x0 eth: 0x0 pcie: 0x0 l2cpu: 0x0 (cluster.cpp:339)
2026-02-09 18:00:56.966 | info     |             UMD | Harvesting masks for chip 2 tensix: 0x201 dram: 0x0 eth: 0x0 pcie: 0x0 l2cpu: 0x0 (cluster.cpp:339)
2026-02-09 18:00:56.976 | info     |             UMD | Harvesting masks for chip 1 tensix: 0x220 dram: 0x0 eth: 0x0 pcie: 0x0 l2cpu: 0x0 (cluster.cpp:339)
2026-02-09 18:00:56.986 | info     |             UMD | Harvesting masks for chip 0 tensix: 0x240 dram: 0x0 eth: 0x0 pcie: 0x0 l2cpu: 0x0 (cluster.cpp:339)
2026-02-09 18:00:56.996 | info     |             UMD | Harvesting masks for chip 7 tensix: 0x280 dram: 0x0 eth: 0x0 pcie: 0x0 l2cpu: 0x0 (cluster.cpp:339)
2026-02-09 18:00:57.010 | info     |             UMD | Harvesting masks for chip 6 tensix: 0x210 dram: 0x0 eth: 0x0 pcie: 0x0 l2cpu: 0x0 (cluster.cpp:339)
2026-02-09 18:00:57.023 | info     |             UMD | Harvesting masks for chip 5 tensix: 0x210 dram: 0x0 eth: 0x0 pcie: 0x0 l2cpu: 0x0 (cluster.cpp:339)
2026-02-09 18:00:57.036 | info     |             UMD | Harvesting masks for chip 4 tensix: 0x5 dram: 0x0 eth: 0x0 pcie: 0x0 l2cpu: 0x0 (cluster.cpp:339)
2026-02-09 18:00:57.049 | info     |             UMD | Opening local chip ids/PCIe ids: {0, 1, 2, 3}/[0, 3, 1, 2] and remote chip ids {4, 5, 6, 7} (cluster.cpp:186)
2026-02-09 18:00:57.049 | info     |             UMD | IOMMU: disabled (cluster.cpp:161)
2026-02-09 18:00:57.049 | info     |             UMD | KMD version: 2.4.1 (cluster.cpp:164)
2026-02-09 18:00:57.057 | info     |             UMD | Starting devices in cluster (cluster.cpp:965)
2026-02-09 18:00:57.058 | info     |             UMD | Mapped hugepage 0x240000000 to NOC address 0x800000000 (silicon_sysmem_manager.cpp:207)
2026-02-09 18:00:57.059 | info     |             UMD | Mapped hugepage 0x200000000 to NOC address 0x840000000 (silicon_sysmem_manager.cpp:207)
2026-02-09 18:00:57.060 | info     |             UMD | Mapped hugepage 0x41c0000000 to NOC address 0x800000000 (silicon_sysmem_manager.cpp:207)
2026-02-09 18:00:57.061 | info     |             UMD | Mapped hugepage 0x4180000000 to NOC address 0x840000000 (silicon_sysmem_manager.cpp:207)
2026-02-09 18:00:57.062 | info     |             UMD | Mapped hugepage 0x300000000 to NOC address 0x800000000 (silicon_sysmem_manager.cpp:207)
2026-02-09 18:00:57.062 | info     |             UMD | Mapped hugepage 0x2c0000000 to NOC address 0x840000000 (silicon_sysmem_manager.cpp:207)
2026-02-09 18:00:57.063 | info     |             UMD | Mapped hugepage 0x42c0000000 to NOC address 0x800000000 (silicon_sysmem_manager.cpp:207)
2026-02-09 18:00:57.064 | info     |             UMD | Mapped hugepage 0x4280000000 to NOC address 0x840000000 (silicon_sysmem_manager.cpp:207)
2026-02-09 18:00:57.121 | info     |     Distributed | Using custom mesh graph descriptor: /proj_sw/user_dev/moconnor/tt-metal/tt_metal/fabric/mesh_graph_descriptors/t3k_mesh_graph_descriptor.textproto (metal_context.cpp:822)
2026-02-09 18:00:57.123 | info     |          Fabric | TopologyMapper mapping start (mesh=0): n_log=8, n_phys=8, log_deg_hist={2:4, 3:4}, phys_deg_hist={2:4, 3:4} (topology_mapper_utils.cpp:171)
2026-02-09 18:00:57.127 | DEBUG    | ttnn.device:__init__:150 - Using default dispatch core type for this system: DispatchCoreType.ETH
2026-02-09 18:00:57.127 | DEBUG    | ttnn.device:__init__:152 - Using default dispatch core axis for this system: DispatchCoreAxis.ROW
2026-02-09 18:00:57.131 | info     |    BuildKernels | Skipping deleting built cache (build.cpp:110)
2026-02-09 18:00:57.134 | info     |    BuildKernels | Skipping deleting built cache (build.cpp:110)
2026-02-09 18:00:57.134 | info     |    BuildKernels | Skipping deleting built cache (build.cpp:110)
2026-02-09 18:00:57.134 | info     |    BuildKernels | Skipping deleting built cache (build.cpp:110)
2026-02-09 18:00:57.135 | info     |    BuildKernels | Skipping deleting built cache (build.cpp:110)
2026-02-09 18:00:57.135 | info     |    BuildKernels | Skipping deleting built cache (build.cpp:110)
2026-02-09 18:00:57.136 | info     |    BuildKernels | Skipping deleting built cache (build.cpp:110)
2026-02-09 18:00:57.136 | info     |    BuildKernels | Skipping deleting built cache (build.cpp:110)
2026-02-09 18:00:57.454 | warning  |           Metal | Got num_routing_planes: 1, which is less than current value: 255, ignoring the override (metal_context.cpp:719)
2026-02-09 18:00:57.454 | info     |           Metal | Dispatch on FabricConfig::FABRIC_2D with 1 Command Queues
 (device_manager.cpp:328)
2026-02-09 18:00:57.477 | info     |           Metal | Initializing Fabric (device_manager.cpp:404)
2026-02-09 18:00:57.641 | info     |           Metal | Fabric initialized on Device 0 (device.cpp:386)
2026-02-09 18:00:57.641 | info     |           Metal | Fabric initialized on Device 1 (device.cpp:386)
2026-02-09 18:00:57.642 | info     |           Metal | Fabric initialized on Device 2 (device.cpp:386)
2026-02-09 18:00:57.642 | info     |           Metal | Fabric initialized on Device 3 (device.cpp:386)
2026-02-09 18:00:57.645 | info     |           Metal | Fabric initialized on Device 4 (device.cpp:386)
2026-02-09 18:00:57.651 | info     |           Metal | Fabric initialized on Device 5 (device.cpp:386)
2026-02-09 18:00:57.654 | info     |           Metal | Fabric initialized on Device 6 (device.cpp:386)
2026-02-09 18:00:57.661 | info     |           Metal | Fabric initialized on Device 7 (device.cpp:386)
2026-02-09 18:00:57.661 | info     |           Metal | Fabric Initialized with config FabricConfig::FABRIC_2D (device_manager.cpp:409)
2026-02-09 18:00:57.751 | info     |           Metal | Command Queue initialized on Device 7 (device_manager.cpp:500)
2026-02-09 18:00:57.751 | info     |           Metal | Command Queue initialized on Device 6 (device_manager.cpp:500)
2026-02-09 18:00:57.751 | info     |           Metal | Command Queue initialized on Device 5 (device_manager.cpp:500)
2026-02-09 18:00:57.752 | info     |           Metal | Command Queue initialized on Device 4 (device_manager.cpp:500)
Loading tokenizer: microsoft/Phi-3-mini-128k-instruct
Opening TT device...
Loading HuggingFace reference model on CPU: microsoft/Phi-3-mini-128k-instruct
Loading checkpoint shards:   0%|          | 0/2 [00:00<?, ?it/s]Loading checkpoint shards:  50%|█████     | 1/2 [00:00<00:00,  1.11it/s]Loading checkpoint shards: 100%|██████████| 2/2 [00:01<00:00,  1.55it/s]Loading checkpoint shards: 100%|██████████| 2/2 [00:01<00:00,  1.47it/s]
Building TT model...
  Loading embeddings...
  Computing RoPE cache...
  Loading 32 layers...
TT demo (t3000)
Model: microsoft/Phi-3-mini-128k-instruct
Mesh shape: 2x4
Prompt tokens: 16 | Generated tokens: 120
TTFT: 184 ms | Decode: 6.8 t/s/u (119 tokens)

Prompt:
Write a short, vivid paragraph about a sunrise over the ocean.

Output:
Use present tense and at least three descriptive adjectives to enhance your imagery.


Solution 1:

The horizon glows as the newborn sun peeks over the tranquil ocean, splashing the sky with a palette of pastel hues. Gentle waves caress the serene shoreline, each one a whisper of the ocean's eternal song. A tapestry of pink, orange, and gold blankets the sky, gradually revealing the crisp, glittering sea beneath. The
2026-02-09 18:03:18.535 | info     |          Device | Closing user mode device drivers (tt_cluster.cpp:472)
2026-02-09 18:03:18.535 | info     |             UMD | Closing devices in cluster (cluster.cpp:976)
