python demo.py models/google/gemma-3-4b-it/n150/functional/model.py
/proj_sw/user_dev/moconnor/tt-metal/python_env/lib/python3.10/site-packages/transformers/utils/hub.py:111: FutureWarning: Using `TRANSFORMERS_CACHE` is deprecated and will be removed in v5 of Transformers. Use `HF_HOME` instead.
  warnings.warn(
2026-01-26 20:18:37.566 | DEBUG    | ttnn:<module>:77 - Initial ttnn.CONFIG:
Config{cache_path=/home/moconnor/.cache/ttnn,model_cache_path=/home/moconnor/.cache/ttnn/models,tmp_dir=/tmp/ttnn,enable_model_cache=false,enable_fast_runtime_mode=true,throw_exception_on_fallback=false,enable_logging=false,enable_graph_report=false,enable_detailed_buffer_report=false,enable_detailed_tensor_report=false,enable_comparison_mode=false,comparison_mode_should_raise_exception=false,comparison_mode_pcc=0.9999,root_report_path=generated/ttnn/reports,report_name=std::nullopt,std::nullopt}
2026-01-26 20:18:39.907 | info     |             UMD | Established firmware bundle version: 18.12.1 (topology_discovery.cpp:368)
2026-01-26 20:18:39.908 | info     |          Device | Opening user mode device driver (tt_cluster.cpp:223)
2026-01-26 20:18:39.911 | info     |             UMD | Established firmware bundle version: 18.12.1 (topology_discovery.cpp:368)
2026-01-26 20:18:39.931 | info     |             UMD | Established firmware bundle version: 18.12.1 (topology_discovery.cpp:368)
2026-01-26 20:18:39.932 | info     |             UMD | Harvesting masks for chip 0 tensix: 0x10 dram: 0x0 eth: 0x0 pcie: 0x0 l2cpu: 0x0 (cluster.cpp:339)
2026-01-26 20:18:40.024 | info     |             UMD | Opening local chip ids/PCIe ids: {0}/[7] and remote chip ids {} (cluster.cpp:186)
2026-01-26 20:18:40.024 | info     |             UMD | IOMMU: disabled (cluster.cpp:161)
2026-01-26 20:18:40.024 | info     |             UMD | KMD version: 2.4.0 (cluster.cpp:164)
2026-01-26 20:18:40.025 | info     |             UMD | Starting devices in cluster (cluster.cpp:965)
2026-01-26 20:18:40.028 | info     |             UMD | Mapped hugepage 0x4280000000 to NOC address 0x800000000 (silicon_sysmem_manager.cpp:207)
2026-01-26 20:18:40.081 | DEBUG    | ttnn.device:__init__:150 - Using default dispatch core type for this system: DispatchCoreType.WORKER
2026-01-26 20:18:40.081 | DEBUG    | ttnn.device:__init__:152 - Using default dispatch core axis for this system: DispatchCoreAxis.ROW
2026-01-26 20:18:40.081 | info     |     Distributed | Using auto discovery to generate mesh graph. (metal_context.cpp:863)
2026-01-26 20:18:40.081 | info     |     Distributed | Constructing control plane using auto-discovery (no mesh graph descriptor). (metal_context.cpp:840)
2026-01-26 20:18:40.082 | info     |          Fabric | TopologyMapper mapping start (mesh=0): n_log=1, n_phys=1, log_deg_hist={0:1}, phys_deg_hist={0:1} (topology_mapper_utils.cpp:171)
2026-01-26 20:18:40.082 | info     |          Fabric | TopologyMapper mapping start (mesh=0): n_log=1, n_phys=1, log_deg_hist={0:1}, phys_deg_hist={0:1} (topology_mapper_utils.cpp:171)
Loading tokenizer: google/gemma-3-4b-it
Opening TT device...
Loading HuggingFace reference model on CPU: google/gemma-3-4b-it
Loading checkpoint shards:   0%|          | 0/2 [00:00<?, ?it/s]Loading checkpoint shards:  50%|█████     | 1/2 [00:46<00:46, 46.84s/it]Loading checkpoint shards: 100%|██████████| 2/2 [01:21<00:00, 39.61s/it]Loading checkpoint shards: 100%|██████████| 2/2 [01:21<00:00, 40.70s/it]
2026-01-26 20:21:54.808 | warning  |    BuildKernels | Compute kernel 'pack_untilize_variable_num_blocks/17034524697084111984/' uses deprecated 'namespace NAMESPACE { void MAIN { } }' syntax. Please migrate to simplified 'void kernel_main() { }' syntax. (genfiles.cpp:187)
2026-01-26 20:21:59.175 | warning  |    BuildKernels | Compute kernel 'tilize/5093718140287559204/' uses deprecated 'namespace NAMESPACE { void MAIN { } }' syntax. Please migrate to simplified 'void kernel_main() { }' syntax. (genfiles.cpp:187)
2026-01-26 20:21:59.312 | warning  |    BuildKernels | Compute kernel 'layernorm/13511610728398130800/' uses deprecated 'namespace NAMESPACE { void MAIN { } }' syntax. Please migrate to simplified 'void kernel_main() { }' syntax. (genfiles.cpp:187)
2026-01-26 20:21:59.485 | warning  |    BuildKernels | Compute kernel 'bmm_large_block_zm_fused_bias_activation/16049954231611028571/' uses deprecated 'namespace NAMESPACE { void MAIN { } }' syntax. Please migrate to simplified 'void kernel_main() { }' syntax. (genfiles.cpp:187)
2026-01-26 20:22:12.563 | warning  |    BuildKernels | Compute kernel 'layernorm/319938462059653120/' uses deprecated 'namespace NAMESPACE { void MAIN { } }' syntax. Please migrate to simplified 'void kernel_main() { }' syntax. (genfiles.cpp:187)
2026-01-26 20:22:17.410 | warning  |    BuildKernels | Compute kernel 'rotary_embedding/2691564283362306897/' uses deprecated 'namespace NAMESPACE { void MAIN { } }' syntax. Please migrate to simplified 'void kernel_main() { }' syntax. (genfiles.cpp:187)
2026-01-26 20:22:25.847 | warning  |    BuildKernels | Compute kernel 'sdpa/15212767483905115549/' uses deprecated 'namespace NAMESPACE { void MAIN { } }' syntax. Please migrate to simplified 'void kernel_main() { }' syntax. (genfiles.cpp:187)
2026-01-26 20:22:35.563 | warning  |    BuildKernels | Compute kernel 'bmm_large_block_zm_fused_bias_activation/15601039252894106091/' uses deprecated 'namespace NAMESPACE { void MAIN { } }' syntax. Please migrate to simplified 'void kernel_main() { }' syntax. (genfiles.cpp:187)
2026-01-26 20:22:40.401 | warning  |    BuildKernels | Compute kernel 'bmm_large_block_zm_fused_bias_activation/3324842860762458355/' uses deprecated 'namespace NAMESPACE { void MAIN { } }' syntax. Please migrate to simplified 'void kernel_main() { }' syntax. (genfiles.cpp:187)
2026-01-26 20:22:49.244 | warning  |    BuildKernels | Compute kernel 'bmm_large_block_zm_fused_bias_activation/15443724817736561397/' uses deprecated 'namespace NAMESPACE { void MAIN { } }' syntax. Please migrate to simplified 'void kernel_main() { }' syntax. (genfiles.cpp:187)
2026-01-26 20:22:53.863 | warning  |    BuildKernels | Compute kernel 'bmm_large_block_zm_fused_bias_activation/12818017362915111459/' uses deprecated 'namespace NAMESPACE { void MAIN { } }' syntax. Please migrate to simplified 'void kernel_main() { }' syntax. (genfiles.cpp:187)
2026-01-26 20:22:58.626 | warning  |    BuildKernels | Compute kernel 'bmm_large_block_zm_fused_bias_activation/5388891773150280006/' uses deprecated 'namespace NAMESPACE { void MAIN { } }' syntax. Please migrate to simplified 'void kernel_main() { }' syntax. (genfiles.cpp:187)
2026-01-26 20:23:11.232 | warning  |    BuildKernels | Compute kernel 'rotary_embedding/10997204049168357856/' uses deprecated 'namespace NAMESPACE { void MAIN { } }' syntax. Please migrate to simplified 'void kernel_main() { }' syntax. (genfiles.cpp:187)
2026-01-26 20:23:19.454 | warning  |    BuildKernels | Compute kernel 'update_cache/16197251149772846519/' uses deprecated 'namespace NAMESPACE { void MAIN { } }' syntax. Please migrate to simplified 'void kernel_main() { }' syntax. (genfiles.cpp:187)
2026-01-26 20:23:23.733 | warning  |    BuildKernels | Compute kernel 'sdpa_flash_decode/10202779173069503736/' uses deprecated 'namespace NAMESPACE { void MAIN { } }' syntax. Please migrate to simplified 'void kernel_main() { }' syntax. (genfiles.cpp:187)
2026-01-26 20:23:37.152 | warning  |    BuildKernels | Compute kernel 'bmm_large_block_zm_fused_bias_activation/17459587300299374375/' uses deprecated 'namespace NAMESPACE { void MAIN { } }' syntax. Please migrate to simplified 'void kernel_main() { }' syntax. (genfiles.cpp:187)
2026-01-26 20:23:41.772 | warning  |    BuildKernels | Compute kernel 'bmm_large_block_zm_fused_bias_activation/10397164108515631098/' uses deprecated 'namespace NAMESPACE { void MAIN { } }' syntax. Please migrate to simplified 'void kernel_main() { }' syntax. (genfiles.cpp:187)
2026-01-26 20:23:49.693 | warning  |    BuildKernels | Compute kernel 'bmm_large_block_zm_fused_bias_activation/13216957136056777182/' uses deprecated 'namespace NAMESPACE { void MAIN { } }' syntax. Please migrate to simplified 'void kernel_main() { }' syntax. (genfiles.cpp:187)
2026-01-26 20:23:54.189 | warning  |    BuildKernels | Compute kernel 'bmm_large_block_zm_fused_bias_activation/2129723873948213316/' uses deprecated 'namespace NAMESPACE { void MAIN { } }' syntax. Please migrate to simplified 'void kernel_main() { }' syntax. (genfiles.cpp:187)
Building TT model...
  Loading embeddings...
  Computing RoPE cache...
  Loading 34 layers...
TT demo (n150)
Model: google/gemma-3-4b-it
Mesh shape: 1x1
Prompt tokens: 54 | Generated tokens: 128
TTFT: 98 ms | Decode: 13.9 t/s/u (127 tokens)

Prompt:
Journal entry, 1957: Tonight a tiny sphere called Sputnik 1 crossed the sky, beeping like a metronome for a new era. The neighbors gathered on the roof, listening and arguing about what comes next. I wrote in my notebook that

Output:
 "a new age of exploration" has arrived. I don't know if it's true, but it feels... momentous.
Image: A black and white photograph of a backyard on a clear night, with several people gathered on the roof, looking up at the sky. A notebook and pen are visible on a small table. A faint glow is visible in the sky, representing the Sputnik satellite.

























2026-01-26 20:24:09.709 | info     |          Device | Closing user mode device drivers (tt_cluster.cpp:472)
2026-01-26 20:24:09.709 | info     |             UMD | Closing devices in cluster (cluster.cpp:976)
