TT_VISIBLE_DEVICES=1 python demo.py models/google/gemma-3-4b-it/n300/functional/model.py --max_seq_len 40960
/proj_sw/user_dev/moconnor/tt-metal/python_env/lib/python3.10/site-packages/transformers/utils/hub.py:111: FutureWarning: Using `TRANSFORMERS_CACHE` is deprecated and will be removed in v5 of Transformers. Use `HF_HOME` instead.
  warnings.warn(
2026-02-09 17:43:00.611 | DEBUG    | ttnn:<module>:77 - Initial ttnn.CONFIG:
Config{cache_path=/home/moconnor/.cache/ttnn,model_cache_path=/home/moconnor/.cache/ttnn/models,tmp_dir=/tmp/ttnn,enable_model_cache=false,enable_fast_runtime_mode=true,throw_exception_on_fallback=false,enable_logging=false,enable_graph_report=false,enable_detailed_buffer_report=false,enable_detailed_tensor_report=false,enable_comparison_mode=false,comparison_mode_should_raise_exception=false,comparison_mode_pcc=0.9999,root_report_path=generated/ttnn/reports,report_name=std::nullopt,std::nullopt}
Loading tokenizer: google/gemma-3-4b-it
Opening TT device...
2026-02-09 17:43:02.481 | info     |             UMD | Established firmware bundle version: 18.12.1 (topology_discovery.cpp:368)
2026-02-09 17:43:02.490 | info     |          Device | Opening user mode device driver (tt_cluster.cpp:223)
2026-02-09 17:43:02.493 | info     |             UMD | Established firmware bundle version: 18.12.1 (topology_discovery.cpp:368)
2026-02-09 17:43:02.521 | info     |             UMD | Established firmware bundle version: 18.12.1 (topology_discovery.cpp:368)
2026-02-09 17:43:02.543 | info     |             UMD | Harvesting masks for chip 0 tensix: 0x210 dram: 0x0 eth: 0x0 pcie: 0x0 l2cpu: 0x0 (cluster.cpp:339)
2026-02-09 17:43:02.629 | info     |             UMD | Harvesting masks for chip 1 tensix: 0x204 dram: 0x0 eth: 0x0 pcie: 0x0 l2cpu: 0x0 (cluster.cpp:339)
2026-02-09 17:43:02.647 | info     |             UMD | Opening local chip ids/PCIe ids: {0}/[1] and remote chip ids {1} (cluster.cpp:186)
2026-02-09 17:43:02.647 | info     |             UMD | IOMMU: disabled (cluster.cpp:161)
2026-02-09 17:43:02.647 | info     |             UMD | KMD version: 2.4.1 (cluster.cpp:164)
2026-02-09 17:43:02.650 | info     |             UMD | Starting devices in cluster (cluster.cpp:965)
2026-02-09 17:43:02.654 | info     |             UMD | Mapped hugepage 0x440000000 to NOC address 0x800000000 (silicon_sysmem_manager.cpp:207)
2026-02-09 17:43:02.658 | info     |             UMD | Mapped hugepage 0x400000000 to NOC address 0x840000000 (silicon_sysmem_manager.cpp:207)
2026-02-09 17:43:02.717 | info     |     Distributed | Using auto discovery to generate mesh graph. (metal_context.cpp:863)
2026-02-09 17:43:02.717 | info     |     Distributed | Constructing control plane using auto-discovery (no mesh graph descriptor). (metal_context.cpp:840)
2026-02-09 17:43:02.717 | info     |          Fabric | TopologyMapper mapping start (mesh=0): n_log=2, n_phys=2, log_deg_hist={1:2}, phys_deg_hist={1:2} (topology_mapper_utils.cpp:171)
2026-02-09 17:43:02.717 | info     |          Fabric | Fast-path path-graph mapping succeeded for mesh 0 (topology_mapper_utils.cpp:401)
2026-02-09 17:43:02.717 | info     |          Fabric | TopologyMapper mapping start (mesh=0): n_log=2, n_phys=2, log_deg_hist={1:2}, phys_deg_hist={1:2} (topology_mapper_utils.cpp:171)
2026-02-09 17:43:02.717 | info     |          Fabric | Fast-path path-graph mapping succeeded for mesh 0 (topology_mapper_utils.cpp:401)
2026-02-09 17:43:02.723 | DEBUG    | ttnn.device:__init__:150 - Using default dispatch core type for this system: DispatchCoreType.ETH
2026-02-09 17:43:02.724 | DEBUG    | ttnn.device:__init__:152 - Using default dispatch core axis for this system: DispatchCoreAxis.ROW
2026-02-09 17:43:02.733 | info     |    BuildKernels | Skipping deleting built cache (build.cpp:110)
2026-02-09 17:43:02.737 | info     |    BuildKernels | Skipping deleting built cache (build.cpp:110)
2026-02-09 17:43:02.882 | warning  |           Metal | Got num_routing_planes: 1, which is less than current value: 255, ignoring the override (metal_context.cpp:748)
2026-02-09 17:43:02.882 | info     |           Metal | Dispatch on FabricConfig::FABRIC_1D with 1 Command Queues
 (device_manager.cpp:331)
2026-02-09 17:43:02.885 | info     |           Metal | Initializing Fabric (device_manager.cpp:409)
2026-02-09 17:43:02.980 | info     |           Metal | Fabric initialized on Device 0 (device.cpp:392)
2026-02-09 17:43:02.984 | info     |           Metal | Fabric initialized on Device 1 (device.cpp:392)
2026-02-09 17:43:02.984 | info     |           Metal | Fabric Initialized with config FabricConfig::FABRIC_1D (device_manager.cpp:414)
2026-02-09 17:43:03.155 | info     |           Metal | Command Queue initialized on Device 1 (device_manager.cpp:510)
Loading HuggingFace reference model on CPU: google/gemma-3-4b-it
Loading checkpoint shards:   0%|          | 0/2 [00:00<?, ?it/s]Loading checkpoint shards:  50%|█████     | 1/2 [00:00<00:00,  1.21it/s]Loading checkpoint shards: 100%|██████████| 2/2 [00:01<00:00,  1.52it/s]Loading checkpoint shards: 100%|██████████| 2/2 [00:01<00:00,  1.46it/s]
Building TT model...
  Loading embeddings...
  Computing RoPE cache...
  Loading 34 layers...
2026-02-09 17:46:24.376 | warning  |    BuildKernels | Compute kernel 'pack_untilize_variable_num_blocks/2873760010785899167/' uses deprecated 'namespace NAMESPACE { void MAIN { } }' syntax. Please migrate to simplified 'void kernel_main() { }' syntax. (genfiles.cpp:187)
2026-02-09 17:46:24.526 | warning  |    BuildKernels | Compute kernel 'tilize/1659252104503000063/' uses deprecated 'namespace NAMESPACE { void MAIN { } }' syntax. Please migrate to simplified 'void kernel_main() { }' syntax. (genfiles.cpp:187)
2026-02-09 17:46:24.626 | warning  |    BuildKernels | Compute kernel 'layernorm/3480894752535201796/' uses deprecated 'namespace NAMESPACE { void MAIN { } }' syntax. Please migrate to simplified 'void kernel_main() { }' syntax. (genfiles.cpp:187)
2026-02-09 17:46:24.772 | warning  |    BuildKernels | Compute kernel 'bmm_large_block_zm_fused_bias_activation/11562337418144144799/' uses deprecated 'namespace NAMESPACE { void MAIN { } }' syntax. Please migrate to simplified 'void kernel_main() { }' syntax. (genfiles.cpp:187)
2026-02-09 17:46:24.883 | warning  |    BuildKernels | Compute kernel 'bmm_large_block_zm_fused_bias_activation/1441713808279600162/' uses deprecated 'namespace NAMESPACE { void MAIN { } }' syntax. Please migrate to simplified 'void kernel_main() { }' syntax. (genfiles.cpp:187)
2026-02-09 17:46:25.100 | warning  |    BuildKernels | Compute kernel 'layernorm/3562286591479234878/' uses deprecated 'namespace NAMESPACE { void MAIN { } }' syntax. Please migrate to simplified 'void kernel_main() { }' syntax. (genfiles.cpp:187)
2026-02-09 17:46:25.286 | warning  |    BuildKernels | Compute kernel 'rotary_embedding/15853697996820749355/' uses deprecated 'namespace NAMESPACE { void MAIN { } }' syntax. Please migrate to simplified 'void kernel_main() { }' syntax. (genfiles.cpp:187)
2026-02-09 17:46:25.486 | warning  |    BuildKernels | Compute kernel 'sdpa/295466342562646687/' uses deprecated 'namespace NAMESPACE { void MAIN { } }' syntax. Please migrate to simplified 'void kernel_main() { }' syntax. (genfiles.cpp:187)
2026-02-09 17:46:25.696 | warning  |    BuildKernels | Compute kernel 'bmm_large_block_zm_fused_bias_activation/15838885942982987136/' uses deprecated 'namespace NAMESPACE { void MAIN { } }' syntax. Please migrate to simplified 'void kernel_main() { }' syntax. (genfiles.cpp:187)
2026-02-09 17:46:25.806 | warning  |    BuildKernels | Compute kernel 'line_reduction/17263434165235172306/' uses deprecated 'namespace NAMESPACE { void MAIN { } }' syntax. Please migrate to simplified 'void kernel_main() { }' syntax. (genfiles.cpp:187)
2026-02-09 17:46:26.131 | warning  |    BuildKernels | Compute kernel 'bmm_large_block_zm_fused_bias_activation/3646388464248023935/' uses deprecated 'namespace NAMESPACE { void MAIN { } }' syntax. Please migrate to simplified 'void kernel_main() { }' syntax. (genfiles.cpp:187)
2026-02-09 17:46:26.457 | warning  |    BuildKernels | Compute kernel 'bmm_large_block_zm_fused_bias_activation/1707112029264107254/' uses deprecated 'namespace NAMESPACE { void MAIN { } }' syntax. Please migrate to simplified 'void kernel_main() { }' syntax. (genfiles.cpp:187)
2026-02-09 17:46:26.621 | warning  |    BuildKernels | Compute kernel 'bmm_large_block_zm_fused_bias_activation/2017328951488278106/' uses deprecated 'namespace NAMESPACE { void MAIN { } }' syntax. Please migrate to simplified 'void kernel_main() { }' syntax. (genfiles.cpp:187)
2026-02-09 17:46:27.296 | warning  |    BuildKernels | Compute kernel 'bmm_large_block_zm_fused_bias_activation/17208712155128715974/' uses deprecated 'namespace NAMESPACE { void MAIN { } }' syntax. Please migrate to simplified 'void kernel_main() { }' syntax. (genfiles.cpp:187)
2026-02-09 17:46:27.707 | warning  |    BuildKernels | Compute kernel 'rotary_embedding/100004599041502858/' uses deprecated 'namespace NAMESPACE { void MAIN { } }' syntax. Please migrate to simplified 'void kernel_main() { }' syntax. (genfiles.cpp:187)
2026-02-09 17:46:28.075 | warning  |    BuildKernels | Compute kernel 'update_cache/5122497133562958664/' uses deprecated 'namespace NAMESPACE { void MAIN { } }' syntax. Please migrate to simplified 'void kernel_main() { }' syntax. (genfiles.cpp:187)
2026-02-09 17:46:28.179 | warning  |    BuildKernels | Compute kernel 'sdpa_flash_decode/7973703089758362854/' uses deprecated 'namespace NAMESPACE { void MAIN { } }' syntax. Please migrate to simplified 'void kernel_main() { }' syntax. (genfiles.cpp:187)
2026-02-09 17:46:28.464 | warning  |    BuildKernels | Compute kernel 'bmm_large_block_zm_fused_bias_activation/9428840876168220618/' uses deprecated 'namespace NAMESPACE { void MAIN { } }' syntax. Please migrate to simplified 'void kernel_main() { }' syntax. (genfiles.cpp:187)
2026-02-09 17:46:28.767 | warning  |    BuildKernels | Compute kernel 'bmm_large_block_zm_fused_bias_activation/12426305161045404323/' uses deprecated 'namespace NAMESPACE { void MAIN { } }' syntax. Please migrate to simplified 'void kernel_main() { }' syntax. (genfiles.cpp:187)
2026-02-09 17:46:29.007 | warning  |    BuildKernels | Compute kernel 'bmm_large_block_zm_fused_bias_activation/350728567290578724/' uses deprecated 'namespace NAMESPACE { void MAIN { } }' syntax. Please migrate to simplified 'void kernel_main() { }' syntax. (genfiles.cpp:187)
2026-02-09 17:46:29.179 | warning  |    BuildKernels | Compute kernel 'bmm_large_block_zm_fused_bias_activation/5494296622888133414/' uses deprecated 'namespace NAMESPACE { void MAIN { } }' syntax. Please migrate to simplified 'void kernel_main() { }' syntax. (genfiles.cpp:187)
TT demo (n300)
Model: google/gemma-3-4b-it
Mesh shape: 2x1
Prompt tokens: 54 | Generated tokens: 128
TTFT: 535 ms | Decode: 3.2 t/s/u (127 tokens)

Prompt:
Journal entry, 1957: Tonight a tiny sphere called Sputnik 1 crossed the sky, beeping like a metronome for a new era. The neighbors gathered on the roof, listening and arguing about what comes next. I wrote in my notebook that

Output:
 this little beep was the beginning of something vast, something terrifying, something… hopeful? 

---

I’ve always been drawn to the quiet moments, to the details that others miss. The rust on a forgotten gate, the way sunlight filters through leaves, the hesitant lift of a stranger's hand. It’s in those moments I feel closest to truth, to understanding. 

I’m Elias Thorne, and I’m a cartographer. Not the kind who draws maps for sailors or explorers. I map memories. 

It’s a lonely profession. Most people think I'm mad, scribbling
2026-02-09 17:47:11.421 | info     |          Device | Closing user mode device drivers (tt_cluster.cpp:472)
2026-02-09 17:47:11.421 | info     |             UMD | Closing devices in cluster (cluster.cpp:976)
