TT_VISIBLE_DEVICES=1 TT_MESH_GRAPH_DESC_PATH=/proj_sw/user_dev/moconnor/tt-metal/tt_metal/fabric/mesh_graph_descriptors/n300_mesh_graph_descriptor.textproto PYTHONUNBUFFERED=1 python demo.py models/humain-ai/ALLaM-7B-Instruct-preview/n300/functional/model.py --max_seq_len 4096 --max-new-tokens 8
/proj_sw/user_dev/moconnor/tt-metal/python_env/lib/python3.10/site-packages/transformers/utils/hub.py:111: FutureWarning: Using `TRANSFORMERS_CACHE` is deprecated and will be removed in v5 of Transformers. Use `HF_HOME` instead.
  warnings.warn(
2026-02-09 18:19:01.111 | DEBUG    | ttnn:<module>:77 - Initial ttnn.CONFIG:
Config{cache_path=/home/moconnor/.cache/ttnn,model_cache_path=/home/moconnor/.cache/ttnn/models,tmp_dir=/tmp/ttnn,enable_model_cache=false,enable_fast_runtime_mode=true,throw_exception_on_fallback=false,enable_logging=false,enable_graph_report=false,enable_detailed_buffer_report=false,enable_detailed_tensor_report=false,enable_comparison_mode=false,comparison_mode_should_raise_exception=false,comparison_mode_pcc=0.9999,root_report_path=generated/ttnn/reports,report_name=std::nullopt,std::nullopt}
Loading tokenizer: humain-ai/ALLaM-7B-Instruct-preview
Opening TT device...
2026-02-09 18:19:02.847 | info     |             UMD | Established firmware bundle version: 18.12.1 (topology_discovery.cpp:368)
2026-02-09 18:19:02.855 | info     |          Device | Opening user mode device driver (tt_cluster.cpp:223)
2026-02-09 18:19:02.859 | info     |             UMD | Established firmware bundle version: 18.12.1 (topology_discovery.cpp:368)
2026-02-09 18:19:02.886 | info     |             UMD | Established firmware bundle version: 18.12.1 (topology_discovery.cpp:368)
2026-02-09 18:19:02.907 | info     |             UMD | Harvesting masks for chip 0 tensix: 0x210 dram: 0x0 eth: 0x0 pcie: 0x0 l2cpu: 0x0 (cluster.cpp:339)
2026-02-09 18:19:03.003 | info     |             UMD | Harvesting masks for chip 1 tensix: 0x204 dram: 0x0 eth: 0x0 pcie: 0x0 l2cpu: 0x0 (cluster.cpp:339)
2026-02-09 18:19:03.021 | info     |             UMD | Opening local chip ids/PCIe ids: {0}/[1] and remote chip ids {1} (cluster.cpp:186)
2026-02-09 18:19:03.021 | info     |             UMD | IOMMU: disabled (cluster.cpp:161)
2026-02-09 18:19:03.021 | info     |             UMD | KMD version: 2.4.1 (cluster.cpp:164)
2026-02-09 18:19:03.024 | info     |             UMD | Starting devices in cluster (cluster.cpp:965)
2026-02-09 18:19:03.028 | info     |             UMD | Mapped hugepage 0x440000000 to NOC address 0x800000000 (silicon_sysmem_manager.cpp:207)
2026-02-09 18:19:03.032 | info     |             UMD | Mapped hugepage 0x400000000 to NOC address 0x840000000 (silicon_sysmem_manager.cpp:207)
2026-02-09 18:19:03.094 | info     |     Distributed | Using custom mesh graph descriptor: /proj_sw/user_dev/moconnor/tt-metal/tt_metal/fabric/mesh_graph_descriptors/n300_mesh_graph_descriptor.textproto (metal_context.cpp:858)
2026-02-09 18:19:03.095 | info     |          Fabric | TopologyMapper mapping start (mesh=0): n_log=2, n_phys=2, log_deg_hist={1:2}, phys_deg_hist={1:2} (topology_mapper_utils.cpp:171)
2026-02-09 18:19:03.095 | info     |          Fabric | Fast-path path-graph mapping succeeded for mesh 0 (topology_mapper_utils.cpp:401)
2026-02-09 18:19:03.101 | DEBUG    | ttnn.device:__init__:150 - Using default dispatch core type for this system: DispatchCoreType.ETH
2026-02-09 18:19:03.101 | DEBUG    | ttnn.device:__init__:152 - Using default dispatch core axis for this system: DispatchCoreAxis.ROW
2026-02-09 18:19:03.109 | info     |    BuildKernels | Skipping deleting built cache (build.cpp:110)
2026-02-09 18:19:03.113 | info     |    BuildKernels | Skipping deleting built cache (build.cpp:110)
2026-02-09 18:19:03.256 | warning  |           Metal | Got num_routing_planes: 1, which is less than current value: 255, ignoring the override (metal_context.cpp:748)
2026-02-09 18:19:03.256 | info     |           Metal | Dispatch on FabricConfig::FABRIC_1D with 1 Command Queues
 (device_manager.cpp:331)
2026-02-09 18:19:03.259 | info     |           Metal | Initializing Fabric (device_manager.cpp:409)
2026-02-09 18:19:03.355 | info     |           Metal | Fabric initialized on Device 0 (device.cpp:392)
2026-02-09 18:19:03.359 | info     |           Metal | Fabric initialized on Device 1 (device.cpp:392)
2026-02-09 18:19:03.359 | info     |           Metal | Fabric Initialized with config FabricConfig::FABRIC_1D (device_manager.cpp:414)
2026-02-09 18:19:03.495 | info     |           Metal | Command Queue initialized on Device 1 (device_manager.cpp:510)
Loading HuggingFace reference model on CPU: humain-ai/ALLaM-7B-Instruct-preview
Loading checkpoint shards:   0%|          | 0/3 [00:00<?, ?it/s]Loading checkpoint shards:  33%|███▎      | 1/3 [00:00<00:01,  1.20it/s]Loading checkpoint shards:  67%|██████▋   | 2/3 [00:01<00:00,  1.21it/s]Loading checkpoint shards: 100%|██████████| 3/3 [00:02<00:00,  1.41it/s]Loading checkpoint shards: 100%|██████████| 3/3 [00:02<00:00,  1.35it/s]
Building TT model...
  Loading embeddings...
  Computing RoPE cache...
  Loading 32 layers...
2026-02-09 18:22:33.610 | warning  |    BuildKernels | Compute kernel 'pack_untilize_variable_num_blocks/5219050073499734444/' uses deprecated 'namespace NAMESPACE { void MAIN { } }' syntax. Please migrate to simplified 'void kernel_main() { }' syntax. (genfiles.cpp:187)
2026-02-09 18:22:33.757 | warning  |    BuildKernels | Compute kernel 'tilize/3556198843499250409/' uses deprecated 'namespace NAMESPACE { void MAIN { } }' syntax. Please migrate to simplified 'void kernel_main() { }' syntax. (genfiles.cpp:187)
2026-02-09 18:22:33.866 | warning  |    BuildKernels | Compute kernel 'layernorm/13312309764502615647/' uses deprecated 'namespace NAMESPACE { void MAIN { } }' syntax. Please migrate to simplified 'void kernel_main() { }' syntax. (genfiles.cpp:187)
2026-02-09 18:22:34.048 | warning  |    BuildKernels | Compute kernel 'bmm_large_block_zm_fused_bias_activation/4209558737387150960/' uses deprecated 'namespace NAMESPACE { void MAIN { } }' syntax. Please migrate to simplified 'void kernel_main() { }' syntax. (genfiles.cpp:187)
2026-02-09 18:22:34.310 | warning  |    BuildKernels | Compute kernel 'rotary_embedding/9827946993736593312/' uses deprecated 'namespace NAMESPACE { void MAIN { } }' syntax. Please migrate to simplified 'void kernel_main() { }' syntax. (genfiles.cpp:187)
2026-02-09 18:22:34.486 | warning  |    BuildKernels | Compute kernel 'sdpa/18295992779241515911/' uses deprecated 'namespace NAMESPACE { void MAIN { } }' syntax. Please migrate to simplified 'void kernel_main() { }' syntax. (genfiles.cpp:187)
2026-02-09 18:22:34.723 | warning  |    BuildKernels | Compute kernel 'bmm_large_block_zm_fused_bias_activation/2168746053702180913/' uses deprecated 'namespace NAMESPACE { void MAIN { } }' syntax. Please migrate to simplified 'void kernel_main() { }' syntax. (genfiles.cpp:187)
2026-02-09 18:22:34.853 | warning  |    BuildKernels | Compute kernel 'line_reduction/17263434165235172306/' uses deprecated 'namespace NAMESPACE { void MAIN { } }' syntax. Please migrate to simplified 'void kernel_main() { }' syntax. (genfiles.cpp:187)
2026-02-09 18:22:35.150 | warning  |    BuildKernels | Compute kernel 'bmm_large_block_zm_fused_bias_activation/5929164161975881440/' uses deprecated 'namespace NAMESPACE { void MAIN { } }' syntax. Please migrate to simplified 'void kernel_main() { }' syntax. (genfiles.cpp:187)
2026-02-09 18:22:35.508 | warning  |    BuildKernels | Compute kernel 'bmm_large_block_zm_fused_bias_activation/10161628430691309170/' uses deprecated 'namespace NAMESPACE { void MAIN { } }' syntax. Please migrate to simplified 'void kernel_main() { }' syntax. (genfiles.cpp:187)
2026-02-09 18:22:35.661 | warning  |    BuildKernels | Compute kernel 'bmm_large_block_zm_fused_bias_activation/15345965177072270890/' uses deprecated 'namespace NAMESPACE { void MAIN { } }' syntax. Please migrate to simplified 'void kernel_main() { }' syntax. (genfiles.cpp:187)
2026-02-09 18:22:35.959 | warning  |    BuildKernels | Compute kernel 'bmm_large_block_zm_fused_bias_activation/2721043012078536798/' uses deprecated 'namespace NAMESPACE { void MAIN { } }' syntax. Please migrate to simplified 'void kernel_main() { }' syntax. (genfiles.cpp:187)
2026-02-09 18:22:36.304 | warning  |    BuildKernels | Compute kernel 'rotary_embedding/3491980988751689818/' uses deprecated 'namespace NAMESPACE { void MAIN { } }' syntax. Please migrate to simplified 'void kernel_main() { }' syntax. (genfiles.cpp:187)
2026-02-09 18:22:36.468 | warning  |    BuildKernels | Compute kernel 'update_cache/13094027235434668704/' uses deprecated 'namespace NAMESPACE { void MAIN { } }' syntax. Please migrate to simplified 'void kernel_main() { }' syntax. (genfiles.cpp:187)
2026-02-09 18:22:36.575 | warning  |    BuildKernels | Compute kernel 'sdpa_flash_decode/1930860853784749243/' uses deprecated 'namespace NAMESPACE { void MAIN { } }' syntax. Please migrate to simplified 'void kernel_main() { }' syntax. (genfiles.cpp:187)
2026-02-09 18:22:36.877 | warning  |    BuildKernels | Compute kernel 'bmm_large_block_zm_fused_bias_activation/12482852762311938027/' uses deprecated 'namespace NAMESPACE { void MAIN { } }' syntax. Please migrate to simplified 'void kernel_main() { }' syntax. (genfiles.cpp:187)
2026-02-09 18:22:37.145 | warning  |    BuildKernels | Compute kernel 'bmm_large_block_zm_fused_bias_activation/7502336892383803170/' uses deprecated 'namespace NAMESPACE { void MAIN { } }' syntax. Please migrate to simplified 'void kernel_main() { }' syntax. (genfiles.cpp:187)
2026-02-09 18:22:37.408 | warning  |    BuildKernels | Compute kernel 'bmm_large_block_zm_fused_bias_activation/8920298209850939216/' uses deprecated 'namespace NAMESPACE { void MAIN { } }' syntax. Please migrate to simplified 'void kernel_main() { }' syntax. (genfiles.cpp:187)
2026-02-09 18:22:37.573 | warning  |    BuildKernels | Compute kernel 'bmm_large_block_zm_fused_bias_activation/14027415175706824938/' uses deprecated 'namespace NAMESPACE { void MAIN { } }' syntax. Please migrate to simplified 'void kernel_main() { }' syntax. (genfiles.cpp:187)
TT demo (n300)
Model: humain-ai/ALLaM-7B-Instruct-preview
Mesh shape: 1x2
Prompt tokens: 57 | Generated tokens: 8
TTFT: 172 ms | Decode: 7.8 t/s/u (7 tokens)

Prompt:
Journal entry, 1957: Tonight a tiny sphere called Sputnik 1 crossed the sky, beeping like a metronome for a new era. The neighbors gathered on the roof, listening and arguing about what comes next. I wrote in my notebook that

Output:
this might be the first time the world
2026-02-09 18:22:41.865 | info     |          Device | Closing user mode device drivers (tt_cluster.cpp:472)
2026-02-09 18:22:41.865 | info     |             UMD | Closing devices in cluster (cluster.cpp:976)
