TT_MESH_GRAPH_DESC_PATH=/proj_sw/user_dev/moconnor/tt-metal/tt_metal/fabric/mesh_graph_descriptors/n300_mesh_graph_descriptor.textproto python demo.py models/microsoft/Phi-3-mini-128k-instruct/n300/functional/model.py
/proj_sw/user_dev/moconnor/tt-metal/python_env/lib/python3.10/site-packages/transformers/utils/hub.py:111: FutureWarning: Using `TRANSFORMERS_CACHE` is deprecated and will be removed in v5 of Transformers. Use `HF_HOME` instead.
  warnings.warn(
2026-02-09 02:07:49.856 | DEBUG    | ttnn:<module>:77 - Initial ttnn.CONFIG:
Config{cache_path=/home/moconnor/.cache/ttnn,model_cache_path=/home/moconnor/.cache/ttnn/models,tmp_dir=/tmp/ttnn,enable_model_cache=false,enable_fast_runtime_mode=true,throw_exception_on_fallback=false,enable_logging=false,enable_graph_report=false,enable_detailed_buffer_report=false,enable_detailed_tensor_report=false,enable_comparison_mode=false,comparison_mode_should_raise_exception=false,comparison_mode_pcc=0.9999,root_report_path=generated/ttnn/reports,report_name=std::nullopt,std::nullopt}
2026-02-09 02:07:50.443 | info     |             UMD | Established firmware bundle version: 18.12.1 (topology_discovery.cpp:368)
2026-02-09 02:07:50.452 | info     |          Device | Opening user mode device driver (tt_cluster.cpp:223)
2026-02-09 02:07:50.455 | info     |             UMD | Established firmware bundle version: 18.12.1 (topology_discovery.cpp:368)
2026-02-09 02:07:50.482 | info     |             UMD | Established firmware bundle version: 18.12.1 (topology_discovery.cpp:368)
2026-02-09 02:07:50.504 | info     |             UMD | Harvesting masks for chip 0 tensix: 0x201 dram: 0x0 eth: 0x0 pcie: 0x0 l2cpu: 0x0 (cluster.cpp:339)
2026-02-09 02:07:50.589 | info     |             UMD | Harvesting masks for chip 1 tensix: 0x280 dram: 0x0 eth: 0x0 pcie: 0x0 l2cpu: 0x0 (cluster.cpp:339)
2026-02-09 02:07:50.609 | info     |             UMD | Opening local chip ids/PCIe ids: {0}/[0] and remote chip ids {1} (cluster.cpp:186)
2026-02-09 02:07:50.609 | info     |             UMD | IOMMU: disabled (cluster.cpp:161)
2026-02-09 02:07:50.609 | info     |             UMD | KMD version: 2.4.0 (cluster.cpp:164)
2026-02-09 02:07:50.612 | info     |             UMD | Starting devices in cluster (cluster.cpp:965)
2026-02-09 02:07:50.616 | info     |             UMD | Mapped hugepage 0x340000000 to NOC address 0x800000000 (silicon_sysmem_manager.cpp:207)
2026-02-09 02:07:50.620 | info     |             UMD | Mapped hugepage 0x300000000 to NOC address 0x840000000 (silicon_sysmem_manager.cpp:207)
2026-02-09 02:07:50.678 | info     |     Distributed | Using custom mesh graph descriptor: /proj_sw/user_dev/moconnor/tt-metal/tt_metal/fabric/mesh_graph_descriptors/n300_mesh_graph_descriptor.textproto (metal_context.cpp:858)
2026-02-09 02:07:50.679 | info     |          Fabric | TopologyMapper mapping start (mesh=0): n_log=2, n_phys=2, log_deg_hist={1:2}, phys_deg_hist={1:2} (topology_mapper_utils.cpp:171)
2026-02-09 02:07:50.679 | info     |          Fabric | Fast-path path-graph mapping succeeded for mesh 0 (topology_mapper_utils.cpp:401)
2026-02-09 02:07:50.684 | DEBUG    | ttnn.device:__init__:150 - Using default dispatch core type for this system: DispatchCoreType.ETH
2026-02-09 02:07:50.685 | DEBUG    | ttnn.device:__init__:152 - Using default dispatch core axis for this system: DispatchCoreAxis.ROW
2026-02-09 02:07:50.690 | info     |    BuildKernels | Skipping deleting built cache (build.cpp:110)
2026-02-09 02:07:50.694 | info     |    BuildKernels | Skipping deleting built cache (build.cpp:110)
2026-02-09 02:07:56.376 | warning  |           Metal | Got num_routing_planes: 1, which is less than current value: 255, ignoring the override (metal_context.cpp:748)
2026-02-09 02:07:56.376 | info     |           Metal | Dispatch on FabricConfig::FABRIC_1D with 1 Command Queues
 (device_manager.cpp:331)
2026-02-09 02:07:56.382 | info     |           Metal | Initializing Fabric (device_manager.cpp:409)
2026-02-09 02:08:02.023 | info     |           Metal | Fabric initialized on Device 0 (device.cpp:392)
2026-02-09 02:08:02.027 | info     |           Metal | Fabric initialized on Device 1 (device.cpp:392)
2026-02-09 02:08:02.027 | info     |           Metal | Fabric Initialized with config FabricConfig::FABRIC_1D (device_manager.cpp:414)
2026-02-09 02:08:08.592 | info     |           Metal | Command Queue initialized on Device 1 (device_manager.cpp:510)
Loading tokenizer: microsoft/Phi-3-mini-128k-instruct
Opening TT device...
Loading HuggingFace reference model on CPU: microsoft/Phi-3-mini-128k-instruct
Loading checkpoint shards:   0%|          | 0/2 [00:00<?, ?it/s]Loading checkpoint shards:  50%|█████     | 1/2 [00:00<00:00,  1.04it/s]Loading checkpoint shards: 100%|██████████| 2/2 [00:01<00:00,  1.21it/s]Loading checkpoint shards: 100%|██████████| 2/2 [00:01<00:00,  1.18it/s]
2026-02-09 02:09:01.994 | warning  |    BuildKernels | Compute kernel 'pack_untilize_variable_num_blocks/3643961221508443051/' uses deprecated 'namespace NAMESPACE { void MAIN { } }' syntax. Please migrate to simplified 'void kernel_main() { }' syntax. (genfiles.cpp:187)
2026-02-09 02:09:06.344 | warning  |    BuildKernels | Compute kernel 'tilize/2041682259927893536/' uses deprecated 'namespace NAMESPACE { void MAIN { } }' syntax. Please migrate to simplified 'void kernel_main() { }' syntax. (genfiles.cpp:187)
2026-02-09 02:09:10.628 | warning  |    BuildKernels | Compute kernel 'layernorm/15569129055188517540/' uses deprecated 'namespace NAMESPACE { void MAIN { } }' syntax. Please migrate to simplified 'void kernel_main() { }' syntax. (genfiles.cpp:187)
2026-02-09 02:09:15.310 | warning  |    BuildKernels | Compute kernel 'bmm_large_block_zm_fused_bias_activation/6470839372593513716/' uses deprecated 'namespace NAMESPACE { void MAIN { } }' syntax. Please migrate to simplified 'void kernel_main() { }' syntax. (genfiles.cpp:187)
2026-02-09 02:09:31.611 | warning  |    BuildKernels | Compute kernel 'pack_untilize_variable_num_blocks/4805593847194919313/' uses deprecated 'namespace NAMESPACE { void MAIN { } }' syntax. Please migrate to simplified 'void kernel_main() { }' syntax. (genfiles.cpp:187)
2026-02-09 02:09:39.792 | warning  |    BuildKernels | Compute kernel 'tilize/12750138414290749221/' uses deprecated 'namespace NAMESPACE { void MAIN { } }' syntax. Please migrate to simplified 'void kernel_main() { }' syntax. (genfiles.cpp:187)
2026-02-09 02:09:43.965 | warning  |    BuildKernels | Compute kernel 'pack_untilize/5287240700796674458/' uses deprecated 'namespace NAMESPACE { void MAIN { } }' syntax. Please migrate to simplified 'void kernel_main() { }' syntax. (genfiles.cpp:187)
2026-02-09 02:09:48.204 | warning  |    BuildKernels | Compute kernel 'pack_untilize/15150032076184858572/' uses deprecated 'namespace NAMESPACE { void MAIN { } }' syntax. Please migrate to simplified 'void kernel_main() { }' syntax. (genfiles.cpp:187)
2026-02-09 02:10:04.189 | warning  |    BuildKernels | Compute kernel 'rotary_embedding/9827946993736593312/' uses deprecated 'namespace NAMESPACE { void MAIN { } }' syntax. Please migrate to simplified 'void kernel_main() { }' syntax. (genfiles.cpp:187)
2026-02-09 02:10:12.328 | warning  |    BuildKernels | Compute kernel 'tilize/2637385115586926935/' uses deprecated 'namespace NAMESPACE { void MAIN { } }' syntax. Please migrate to simplified 'void kernel_main() { }' syntax. (genfiles.cpp:187)
2026-02-09 02:10:24.147 | warning  |    BuildKernels | Compute kernel 'sdpa/5494949331892222843/' uses deprecated 'namespace NAMESPACE { void MAIN { } }' syntax. Please migrate to simplified 'void kernel_main() { }' syntax. (genfiles.cpp:187)
2026-02-09 02:10:32.950 | warning  |    BuildKernels | Compute kernel 'bmm_large_block_zm_fused_bias_activation/5151226695030372288/' uses deprecated 'namespace NAMESPACE { void MAIN { } }' syntax. Please migrate to simplified 'void kernel_main() { }' syntax. (genfiles.cpp:187)
2026-02-09 02:10:37.603 | warning  |    BuildKernels | Compute kernel 'line_reduction/17263434165235172306/' uses deprecated 'namespace NAMESPACE { void MAIN { } }' syntax. Please migrate to simplified 'void kernel_main() { }' syntax. (genfiles.cpp:187)
2026-02-09 02:10:54.341 | warning  |    BuildKernels | Compute kernel 'bmm_large_block_zm_fused_bias_activation/4285398846848335398/' uses deprecated 'namespace NAMESPACE { void MAIN { } }' syntax. Please migrate to simplified 'void kernel_main() { }' syntax. (genfiles.cpp:187)
2026-02-09 02:11:06.525 | warning  |    BuildKernels | Compute kernel 'bmm_large_block_zm_fused_bias_activation/16374277111236738838/' uses deprecated 'namespace NAMESPACE { void MAIN { } }' syntax. Please migrate to simplified 'void kernel_main() { }' syntax. (genfiles.cpp:187)
2026-02-09 02:11:11.329 | warning  |    BuildKernels | Compute kernel 'bmm_large_block_zm_fused_bias_activation/1228628037696108435/' uses deprecated 'namespace NAMESPACE { void MAIN { } }' syntax. Please migrate to simplified 'void kernel_main() { }' syntax. (genfiles.cpp:187)
2026-02-09 02:11:19.887 | warning  |    BuildKernels | Compute kernel 'bmm_large_block_zm_fused_bias_activation/9086315858221900956/' uses deprecated 'namespace NAMESPACE { void MAIN { } }' syntax. Please migrate to simplified 'void kernel_main() { }' syntax. (genfiles.cpp:187)
2026-02-09 02:11:36.651 | warning  |    BuildKernels | Compute kernel 'rotary_embedding/3491980988751689818/' uses deprecated 'namespace NAMESPACE { void MAIN { } }' syntax. Please migrate to simplified 'void kernel_main() { }' syntax. (genfiles.cpp:187)
2026-02-09 02:11:48.875 | warning  |    BuildKernels | Compute kernel 'update_cache/14485134134867246426/' uses deprecated 'namespace NAMESPACE { void MAIN { } }' syntax. Please migrate to simplified 'void kernel_main() { }' syntax. (genfiles.cpp:187)
2026-02-09 02:11:53.180 | warning  |    BuildKernels | Compute kernel 'sdpa_flash_decode/395584800870048463/' uses deprecated 'namespace NAMESPACE { void MAIN { } }' syntax. Please migrate to simplified 'void kernel_main() { }' syntax. (genfiles.cpp:187)
2026-02-09 02:12:05.878 | warning  |    BuildKernels | Compute kernel 'bmm_large_block_zm_fused_bias_activation/13097951694594597882/' uses deprecated 'namespace NAMESPACE { void MAIN { } }' syntax. Please migrate to simplified 'void kernel_main() { }' syntax. (genfiles.cpp:187)
2026-02-09 02:12:22.465 | warning  |    BuildKernels | Compute kernel 'bmm_large_block_zm_fused_bias_activation/12285884998778802145/' uses deprecated 'namespace NAMESPACE { void MAIN { } }' syntax. Please migrate to simplified 'void kernel_main() { }' syntax. (genfiles.cpp:187)
2026-02-09 02:12:31.043 | warning  |    BuildKernels | Compute kernel 'bmm_large_block_zm_fused_bias_activation/11123838433210395037/' uses deprecated 'namespace NAMESPACE { void MAIN { } }' syntax. Please migrate to simplified 'void kernel_main() { }' syntax. (genfiles.cpp:187)
2026-02-09 02:12:35.761 | warning  |    BuildKernels | Compute kernel 'bmm_large_block_zm_fused_bias_activation/12732765755916403106/' uses deprecated 'namespace NAMESPACE { void MAIN { } }' syntax. Please migrate to simplified 'void kernel_main() { }' syntax. (genfiles.cpp:187)
Building TT model...
  Loading embeddings...
  Computing RoPE cache...
  Loading 32 layers...
TT demo (n300)
Model: microsoft/Phi-3-mini-128k-instruct
Mesh shape: 1x2
Prompt tokens: 60 | Generated tokens: 128
TTFT: 168 ms | Decode: 7.6 t/s/u (127 tokens)

Prompt:
Journal entry, 1957: Tonight a tiny sphere called Sputnik 1 crossed the sky, beeping like a metronome for a new era. The neighbors gathered on the roof, listening and arguing about what comes next. I wrote in my notebook that

Output:
humans aren't just earthlings anymore, they're cosmonauts now. But what of our little patch of blue on the backdrop of this infinite canvas? As I looked out, the stars seemed to twinkle in jest at our quaint notions of home.\n\n**Journal entry, 2045:**\n\nThe year is 2045, and humanity's footprint stretràs on distant worlds. I stood on the terraformed plains of Kepler-438b, feeling the soft soil under my suit. \"
2026-02-09 02:12:59.805 | info     |          Device | Closing user mode device drivers (tt_cluster.cpp:472)
2026-02-09 02:12:59.805 | info     |             UMD | Closing devices in cluster (cluster.cpp:976)
