python demo.py models/microsoft/Phi-3-mini-128k-instruct/n150/functional/model.py
/proj_sw/user_dev/moconnor/tt-metal/python_env/lib/python3.10/site-packages/transformers/utils/hub.py:111: FutureWarning: Using `TRANSFORMERS_CACHE` is deprecated and will be removed in v5 of Transformers. Use `HF_HOME` instead.
  warnings.warn(
2026-01-26 21:36:44.642 | DEBUG    | ttnn:<module>:77 - Initial ttnn.CONFIG:
Config{cache_path=/home/moconnor/.cache/ttnn,model_cache_path=/home/moconnor/.cache/ttnn/models,tmp_dir=/tmp/ttnn,enable_model_cache=false,enable_fast_runtime_mode=true,throw_exception_on_fallback=false,enable_logging=false,enable_graph_report=false,enable_detailed_buffer_report=false,enable_detailed_tensor_report=false,enable_comparison_mode=false,comparison_mode_should_raise_exception=false,comparison_mode_pcc=0.9999,root_report_path=generated/ttnn/reports,report_name=std::nullopt,std::nullopt}
2026-01-26 21:36:45.344 | info     |             UMD | Established firmware bundle version: 18.12.1 (topology_discovery.cpp:368)
2026-01-26 21:36:45.344 | info     |          Device | Opening user mode device driver (tt_cluster.cpp:223)
2026-01-26 21:36:45.347 | info     |             UMD | Established firmware bundle version: 18.12.1 (topology_discovery.cpp:368)
2026-01-26 21:36:45.366 | info     |             UMD | Established firmware bundle version: 18.12.1 (topology_discovery.cpp:368)
2026-01-26 21:36:45.366 | info     |             UMD | Harvesting masks for chip 0 tensix: 0x10 dram: 0x0 eth: 0x0 pcie: 0x0 l2cpu: 0x0 (cluster.cpp:339)
2026-01-26 21:36:45.454 | info     |             UMD | Opening local chip ids/PCIe ids: {0}/[7] and remote chip ids {} (cluster.cpp:186)
2026-01-26 21:36:45.454 | info     |             UMD | IOMMU: disabled (cluster.cpp:161)
2026-01-26 21:36:45.454 | info     |             UMD | KMD version: 2.4.0 (cluster.cpp:164)
2026-01-26 21:36:45.456 | info     |             UMD | Starting devices in cluster (cluster.cpp:965)
2026-01-26 21:36:45.459 | info     |             UMD | Mapped hugepage 0x4280000000 to NOC address 0x800000000 (silicon_sysmem_manager.cpp:207)
2026-01-26 21:36:45.515 | DEBUG    | ttnn.device:__init__:150 - Using default dispatch core type for this system: DispatchCoreType.WORKER
2026-01-26 21:36:45.515 | DEBUG    | ttnn.device:__init__:152 - Using default dispatch core axis for this system: DispatchCoreAxis.ROW
2026-01-26 21:36:45.515 | info     |     Distributed | Using auto discovery to generate mesh graph. (metal_context.cpp:863)
2026-01-26 21:36:45.515 | info     |     Distributed | Constructing control plane using auto-discovery (no mesh graph descriptor). (metal_context.cpp:840)
2026-01-26 21:36:45.515 | info     |          Fabric | TopologyMapper mapping start (mesh=0): n_log=1, n_phys=1, log_deg_hist={0:1}, phys_deg_hist={0:1} (topology_mapper_utils.cpp:171)
2026-01-26 21:36:45.515 | info     |          Fabric | TopologyMapper mapping start (mesh=0): n_log=1, n_phys=1, log_deg_hist={0:1}, phys_deg_hist={0:1} (topology_mapper_utils.cpp:171)
Loading tokenizer: microsoft/Phi-3-mini-128k-instruct
Opening TT device...
Loading HuggingFace reference model on CPU: microsoft/Phi-3-mini-128k-instruct
Loading checkpoint shards:   0%|          | 0/2 [00:00<?, ?it/s]Loading checkpoint shards:  50%|█████     | 1/2 [00:47<00:47, 47.06s/it]Loading checkpoint shards: 100%|██████████| 2/2 [01:12<00:00, 34.55s/it]Loading checkpoint shards: 100%|██████████| 2/2 [01:12<00:00, 36.43s/it]
2026-01-26 21:38:29.443 | warning  |    BuildKernels | Compute kernel 'pack_untilize_variable_num_blocks/7944994127753528348/' uses deprecated 'namespace NAMESPACE { void MAIN { } }' syntax. Please migrate to simplified 'void kernel_main() { }' syntax. (genfiles.cpp:187)
2026-01-26 21:38:34.832 | warning  |    BuildKernels | Compute kernel 'tilize/17731151790256603023/' uses deprecated 'namespace NAMESPACE { void MAIN { } }' syntax. Please migrate to simplified 'void kernel_main() { }' syntax. (genfiles.cpp:187)
2026-01-26 21:38:40.285 | warning  |    BuildKernels | Compute kernel 'layernorm/4884704230036260402/' uses deprecated 'namespace NAMESPACE { void MAIN { } }' syntax. Please migrate to simplified 'void kernel_main() { }' syntax. (genfiles.cpp:187)
2026-01-26 21:38:45.570 | warning  |    BuildKernels | Compute kernel 'bmm_large_block_zm_fused_bias_activation/6459158174352101094/' uses deprecated 'namespace NAMESPACE { void MAIN { } }' syntax. Please migrate to simplified 'void kernel_main() { }' syntax. (genfiles.cpp:187)
2026-01-26 21:38:56.051 | warning  |    BuildKernels | Compute kernel 'pack_untilize_variable_num_blocks/10380771056115669711/' uses deprecated 'namespace NAMESPACE { void MAIN { } }' syntax. Please migrate to simplified 'void kernel_main() { }' syntax. (genfiles.cpp:187)
2026-01-26 21:39:05.735 | warning  |    BuildKernels | Compute kernel 'tilize/11337404802072393109/' uses deprecated 'namespace NAMESPACE { void MAIN { } }' syntax. Please migrate to simplified 'void kernel_main() { }' syntax. (genfiles.cpp:187)
2026-01-26 21:39:10.573 | warning  |    BuildKernels | Compute kernel 'pack_untilize/15529522441930124248/' uses deprecated 'namespace NAMESPACE { void MAIN { } }' syntax. Please migrate to simplified 'void kernel_main() { }' syntax. (genfiles.cpp:187)
2026-01-26 21:39:15.565 | warning  |    BuildKernels | Compute kernel 'pack_untilize/5445543247183471221/' uses deprecated 'namespace NAMESPACE { void MAIN { } }' syntax. Please migrate to simplified 'void kernel_main() { }' syntax. (genfiles.cpp:187)
2026-01-26 21:39:34.436 | warning  |    BuildKernels | Compute kernel 'rotary_embedding/15977828201954068243/' uses deprecated 'namespace NAMESPACE { void MAIN { } }' syntax. Please migrate to simplified 'void kernel_main() { }' syntax. (genfiles.cpp:187)
2026-01-26 21:39:39.352 | warning  |    BuildKernels | Compute kernel 'tilize/5674158030118682369/' uses deprecated 'namespace NAMESPACE { void MAIN { } }' syntax. Please migrate to simplified 'void kernel_main() { }' syntax. (genfiles.cpp:187)
2026-01-26 21:39:48.793 | warning  |    BuildKernels | Compute kernel 'sdpa/18318591445458372772/' uses deprecated 'namespace NAMESPACE { void MAIN { } }' syntax. Please migrate to simplified 'void kernel_main() { }' syntax. (genfiles.cpp:187)
2026-01-26 21:39:58.373 | warning  |    BuildKernels | Compute kernel 'bmm_large_block_zm_fused_bias_activation/4931792159892224567/' uses deprecated 'namespace NAMESPACE { void MAIN { } }' syntax. Please migrate to simplified 'void kernel_main() { }' syntax. (genfiles.cpp:187)
2026-01-26 21:40:03.378 | warning  |    BuildKernels | Compute kernel 'bmm_large_block_zm_fused_bias_activation/13862988462773022913/' uses deprecated 'namespace NAMESPACE { void MAIN { } }' syntax. Please migrate to simplified 'void kernel_main() { }' syntax. (genfiles.cpp:187)
2026-01-26 21:40:08.488 | warning  |    BuildKernels | Compute kernel 'bmm_large_block_zm_fused_bias_activation/4716092588016794557/' uses deprecated 'namespace NAMESPACE { void MAIN { } }' syntax. Please migrate to simplified 'void kernel_main() { }' syntax. (genfiles.cpp:187)
2026-01-26 21:40:13.360 | warning  |    BuildKernels | Compute kernel 'bmm_large_block_zm_fused_bias_activation/12743793310271913512/' uses deprecated 'namespace NAMESPACE { void MAIN { } }' syntax. Please migrate to simplified 'void kernel_main() { }' syntax. (genfiles.cpp:187)
2026-01-26 21:40:22.646 | warning  |    BuildKernels | Compute kernel 'bmm_large_block_zm_fused_bias_activation/771060300310080457/' uses deprecated 'namespace NAMESPACE { void MAIN { } }' syntax. Please migrate to simplified 'void kernel_main() { }' syntax. (genfiles.cpp:187)
2026-01-26 21:40:31.900 | warning  |    BuildKernels | Compute kernel 'rotary_embedding/18025573480810144695/' uses deprecated 'namespace NAMESPACE { void MAIN { } }' syntax. Please migrate to simplified 'void kernel_main() { }' syntax. (genfiles.cpp:187)
2026-01-26 21:40:36.288 | warning  |    BuildKernels | Compute kernel 'update_cache/1108314601679714129/' uses deprecated 'namespace NAMESPACE { void MAIN { } }' syntax. Please migrate to simplified 'void kernel_main() { }' syntax. (genfiles.cpp:187)
2026-01-26 21:40:41.766 | warning  |    BuildKernels | Compute kernel 'sdpa_flash_decode/10579690541320338821/' uses deprecated 'namespace NAMESPACE { void MAIN { } }' syntax. Please migrate to simplified 'void kernel_main() { }' syntax. (genfiles.cpp:187)
2026-01-26 21:40:56.785 | warning  |    BuildKernels | Compute kernel 'bmm_large_block_zm_fused_bias_activation/9455956975227903173/' uses deprecated 'namespace NAMESPACE { void MAIN { } }' syntax. Please migrate to simplified 'void kernel_main() { }' syntax. (genfiles.cpp:187)
2026-01-26 21:41:01.576 | warning  |    BuildKernels | Compute kernel 'bmm_large_block_zm_fused_bias_activation/17107799782473473287/' uses deprecated 'namespace NAMESPACE { void MAIN { } }' syntax. Please migrate to simplified 'void kernel_main() { }' syntax. (genfiles.cpp:187)
2026-01-26 21:41:07.154 | warning  |    BuildKernels | Compute kernel 'bmm_large_block_zm_fused_bias_activation/9946959827408487608/' uses deprecated 'namespace NAMESPACE { void MAIN { } }' syntax. Please migrate to simplified 'void kernel_main() { }' syntax. (genfiles.cpp:187)
2026-01-26 21:41:12.098 | warning  |    BuildKernels | Compute kernel 'bmm_large_block_zm_fused_bias_activation/10208751014080416571/' uses deprecated 'namespace NAMESPACE { void MAIN { } }' syntax. Please migrate to simplified 'void kernel_main() { }' syntax. (genfiles.cpp:187)
Building TT model...
  Loading embeddings...
  Computing RoPE cache...
  Loading 32 layers...
TT demo (n150)
Model: microsoft/Phi-3-mini-128k-instruct
Mesh shape: 1x1
Prompt tokens: 60 | Generated tokens: 128
TTFT: 80 ms | Decode: 13.7 t/s/u (127 tokens)

Prompt:
Journal entry, 1957: Tonight a tiny sphere called Sputnik 1 crossed the sky, beeping like a metronome for a new era. The neighbors gathered on the roof, listening and arguing about what comes next. I wrote in my notebook that

Output:
'Change is coming, whether we're ready or not.'"

2. Title: "The Dice of Destiny: A Teenager’s Tale of Cold War Risk"
   - Narrative Logic: Following the narrative of a high-stakes game of chance, the story can be used to parallel the unpredictable developments during the Cold War. The protagonist's character growth is tied to their understanding of the larger world.
   - Short Story: "In 1англ., 1986—My family's old dice set sat in the
2026-01-26 21:41:28.655 | info     |          Device | Closing user mode device drivers (tt_cluster.cpp:472)
2026-01-26 21:41:28.656 | info     |             UMD | Closing devices in cluster (cluster.cpp:976)
